Command line invocation:
    /Applications/Xcode.app/Contents/Developer/usr/bin/xcodebuild -project CatAR.xcodeproj -scheme CatAR -destination platform=iOS,name=appleeskai14 -configuration Debug DEVELOPMENT_TEAM=8A897B5VNB CODE_SIGN_STYLE=Automatic -derivedDataPath ./build build

Build settings from command line:
    CODE_SIGN_STYLE = Automatic
    DEVELOPMENT_TEAM = 8A897B5VNB

ComputePackagePrebuildTargetDependencyGraph

Prepare packages

CreateBuildRequest

SendProjectDescription

CreateBuildOperation

ComputeTargetDependencyGraph
note: Building targets in dependency order
note: Target dependency graph (1 target)
    Target 'CatAR' in project 'CatAR' (no dependencies)

GatherProvisioningInputs

CreateBuildDescription

ExecuteExternalTool /Applications/Xcode.app/Contents/Developer/Toolchains/XcodeDefault.xctoolchain/usr/bin/clang -v -E -dM -isysroot /Applications/Xcode.app/Contents/Developer/Platforms/iPhoneOS.platform/Developer/SDKs/iPhoneOS26.2.sdk -x c -c /dev/null

ExecuteExternalTool /Applications/Xcode.app/Contents/Developer/Toolchains/XcodeDefault.xctoolchain/usr/bin/swiftc --version

ExecuteExternalTool /Applications/Xcode.app/Contents/Developer/Toolchains/XcodeDefault.xctoolchain/usr/bin/ld -version_details

Build description signature: 36d5772be800e0379f630b2f76790398
Build description path: /Users/goutamchapalamadugu/Desktop/projects/pet-ar-app/build/Build/Intermediates.noindex/XCBuildData/36d5772be800e0379f630b2f76790398.xcbuilddata
/Users/goutamchapalamadugu/Desktop/projects/pet-ar-app/CatAR.xcodeproj: error: No profiles for 'com.catapp.CatAR' were found: Xcode couldn't find any iOS App Development provisioning profiles matching 'com.catapp.CatAR'. Automatic signing is disabled and unable to generate a profile. To enable automatic signing, pass -allowProvisioningUpdates to xcodebuild. (in target 'CatAR' from project 'CatAR')
** BUILD FAILED **


The following build commands failed:
	Building project CatAR with scheme CatAR and configuration Debug
(1 failure)
