Command line invocation:
    /Applications/Xcode.app/Contents/Developer/usr/bin/xcodebuild -project CatAR.xcodeproj -scheme CatAR -destination platform=iOS,name=appleeskai14 -configuration Debug -derivedDataPath ./build build

ComputePackagePrebuildTargetDependencyGraph

Prepare packages

CreateBuildRequest

SendProjectDescription

CreateBuildOperation

ComputeTargetDependencyGraph
note: Building targets in dependency order
note: Target dependency graph (1 target)
    Target 'CatAR' in project 'CatAR' (no dependencies)

GatherProvisioningInputs

CreateBuildDescription

ExecuteExternalTool /Applications/Xcode.app/Contents/Developer/Toolchains/XcodeDefault.xctoolchain/usr/bin/clang -v -E -dM -isysroot /Applications/Xcode.app/Contents/Developer/Platforms/iPhoneOS.platform/Developer/SDKs/iPhoneOS26.2.sdk -x c -c /dev/null

ExecuteExternalTool /Applications/Xcode.app/Contents/Developer/Toolchains/XcodeDefault.xctoolchain/usr/bin/swiftc --version

ExecuteExternalTool /Applications/Xcode.app/Contents/Developer/Toolchains/XcodeDefault.xctoolchain/usr/bin/ld -version_details

Build description signature: b6f0dae5bba0a1253e08a1258c7446e7
Build description path: /Users/goutamchapalamadugu/Desktop/projects/pet-ar-app/build/Build/Intermediates.noindex/XCBuildData/b6f0dae5bba0a1253e08a1258c7446e7.xcbuilddata
/Users/goutamchapalamadugu/Desktop/projects/pet-ar-app/CatAR.xcodeproj: error: No signing certificate "iOS Development" found: No "iOS Development" signing certificate matching team ID "8A897B5VNB" with a private key was found. (in target 'CatAR' from project 'CatAR')
/Users/goutamchapalamadugu/Desktop/projects/pet-ar-app/CatAR.xcodeproj: error: Provisioning profile "iOS Team Provisioning Profile: com.catapp.CatAR" belongs to team "Goutam Chapalamadugu", which does not match the selected team "8A897B5VNB". (in target 'CatAR' from project 'CatAR')
/Users/goutamchapalamadugu/Desktop/projects/pet-ar-app/CatAR.xcodeproj: error: Provisioning profile "iOS Team Provisioning Profile: com.catapp.CatAR" is Xcode managed, but signing settings require a manually managed profile. (in target 'CatAR' from project 'CatAR')
** BUILD FAILED **


The following build commands failed:
	Building project CatAR with scheme CatAR and configuration Debug
(1 failure)
