Command line invocation:
    /Applications/Xcode.app/Contents/Developer/usr/bin/xcodebuild -project CatAR.xcodeproj -scheme CatAR -destination platform=iOS,name=appleeskai14 -configuration Debug DEVELOPMENT_TEAM=8A897B5VNB CODE_SIGN_IDENTITY=92974E0CCC4E03D56A8925F836D60EEBE8777C12 "PROVISIONING_PROFILE_SPECIFIER=iOS Team Provisioning Profile: com.catapp.CatAR" -derivedDataPath ./build build

Build settings from command line:
    CODE_SIGN_IDENTITY = 92974E0CCC4E03D56A8925F836D60EEBE8777C12
    DEVELOPMENT_TEAM = 8A897B5VNB
    PROVISIONING_PROFILE_SPECIFIER = iOS Team Provisioning Profile: com.catapp.CatAR

note: Using codesigning identity override: 92974E0CCC4E03D56A8925F836D60EEBE8777C12
ComputePackagePrebuildTargetDependencyGraph

Prepare packages

CreateBuildRequest

SendProjectDescription

CreateBuildOperation

ComputeTargetDependencyGraph
note: Building targets in dependency order
note: Target dependency graph (1 target)
    Target 'CatAR' in project 'CatAR' (no dependencies)

GatherProvisioningInputs

CreateBuildDescription

ExecuteExternalTool /Applications/Xcode.app/Contents/Developer/Toolchains/XcodeDefault.xctoolchain/usr/bin/clang -v -E -dM -isysroot /Applications/Xcode.app/Contents/Developer/Platforms/iPhoneOS.platform/Developer/SDKs/iPhoneOS26.2.sdk -x c -c /dev/null

ExecuteExternalTool /Applications/Xcode.app/Contents/Developer/Toolchains/XcodeDefault.xctoolchain/usr/bin/swiftc --version

ExecuteExternalTool /Applications/Xcode.app/Contents/Developer/Toolchains/XcodeDefault.xctoolchain/usr/bin/ld -version_details

Build description signature: bda3eecdb4a309802b4b71f4ed15bd42
Build description path: /Users/goutamchapalamadugu/Desktop/projects/pet-ar-app/build/Build/Intermediates.noindex/XCBuildData/bda3eecdb4a309802b4b71f4ed15bd42.xcbuilddata
/Users/goutamchapalamadugu/Desktop/projects/pet-ar-app/CatAR.xcodeproj: error: CatAR has conflicting provisioning settings. CatAR is automatically signed, but provisioning profile iOS Team Provisioning Profile: com.catapp.CatAR has been manually specified. Set the provisioning profile value to "Automatic" in the build settings editor, or switch to manual signing in the Signing & Capabilities editor. (in target 'CatAR' from project 'CatAR')
** BUILD FAILED **


The following build commands failed:
	Building project CatAR with scheme CatAR and configuration Debug
(1 failure)
