Command line invocation:
    /Applications/Xcode.app/Contents/Developer/usr/bin/xcodebuild -project CatAR.xcodeproj -scheme CatAR -destination platform=iOS,name=appleeskai14 -configuration Debug DEVELOPMENT_TEAM=8A897B5VNB CODE_SIGN_STYLE=Automatic -allowProvisioningUpdates -derivedDataPath ./build build

Build settings from command line:
    CODE_SIGN_STYLE = Automatic
    DEVELOPMENT_TEAM = 8A897B5VNB

ComputePackagePrebuildTargetDependencyGraph

Prepare packages

CreateBuildRequest

SendProjectDescription

CreateBuildOperation

ComputeTargetDependencyGraph
note: Building targets in dependency order
note: Target dependency graph (1 target)
    Target 'CatAR' in project 'CatAR' (no dependencies)

GatherProvisioningInputs

CreateBuildDescription

ExecuteExternalTool /Applications/Xcode.app/Contents/Developer/Toolchains/XcodeDefault.xctoolchain/usr/bin/clang -v -E -dM -isysroot /Applications/Xcode.app/Contents/Developer/Platforms/iPhoneOS.platform/Developer/SDKs/iPhoneOS26.2.sdk -x c -c /dev/null

ExecuteExternalTool /Applications/Xcode.app/Contents/Developer/Toolchains/XcodeDefault.xctoolchain/usr/bin/swiftc --version

ExecuteExternalTool /Applications/Xcode.app/Contents/Developer/Toolchains/XcodeDefault.xctoolchain/usr/bin/ld -version_details

Build description signature: d73fdf245f07a889dc9b018bb85b1f4a
Build description path: /Users/goutamchapalamadugu/Desktop/projects/pet-ar-app/build/Build/Intermediates.noindex/XCBuildData/d73fdf245f07a889dc9b018bb85b1f4a.xcbuilddata
/Users/goutamchapalamadugu/Desktop/projects/pet-ar-app/CatAR.xcodeproj: error: The operation couldn’t be completed. Unable to log in with account 'gtm@remarga.com'. The login details for account 'gtm@remarga.com' were rejected. (in target 'CatAR' from project 'CatAR')
/Users/goutamchapalamadugu/Desktop/projects/pet-ar-app/CatAR.xcodeproj: error: No profiles for 'com.gtm.CatAR' were found: Xcode couldn't find any iOS App Development provisioning profiles matching 'com.gtm.CatAR'. (in target 'CatAR' from project 'CatAR')
** BUILD FAILED **


The following build commands failed:
	Building project CatAR with scheme CatAR and configuration Debug
(1 failure)
